Microchip MPLAB XC8 Compiler V2.50

Linker command line:

-W-3 \
  --edf=C:\Program Files\Microchip\xc8\v2.50\pic\dat\20240725155939_en.msgs \
  -cn -h+dist/default/production\Lab3.X.production.sym \
  --cmf=dist/default/production\Lab3.X.production.cmf -z -Q18F4550 \
  -oC:\Users\sergi\AppData\Local\Temp\xcAspi0.\driver_tmp_3.obj \
  -Mdist/default/production/Lab3.X.production.map \
  --md=C:\Users\sergi\AppData\Local\Temp\xcAspi0.\driver_tmp_0.dat -E1 \
  -ver=XC8 Compiler -ACODE=00h-07FFFh -ACONST=00h-07FFFh \
  -ASMALLCONST=0800h-08FFhx120 -AMEDIUMCONST=0800h-07FFFh -ACOMRAM=01h-05Fh \
  -AABS1=00h-07FFh -ABIGRAM=01h-07FFh -ARAM=060h-0FFh,0100h-01FFhx7 \
  -ABANK0=060h-0FFh -ABANK1=0100h-01FFh -ABANK2=0200h-02FFh \
  -ABANK3=0300h-03FFh -ABANK4=0400h-04FFh -ABANK5=0500h-05FFh \
  -ABANK6=0600h-06FFh -ABANK7=0700h-07FFh -ASFR=0F60h-0FFFh \
  -ABIGSFR=0F60h-0FFFh -ACONFIG=0300000h-030000Dh -AIDLOC=0200000h-0200007h \
  -AEEDATA=0F00000h-0F000FFh -peeprom_data=EEDATA \
  -preset_vec=00h,intcode=8h,intcodelo,powerup,init -pramtop=0800h \
  -psmallconst=SMALLCONST -pmediumconst=MEDIUMCONST -pconst=CONST \
  -AFARRAM=00h-00h \
  -prdata=COMRAM,nvrram=COMRAM,nvbit=COMRAM,rbss=COMRAM,rbit=COMRAM \
  -pfarbss=FARRAM,fardata=FARRAM,nvFARRAM=FARRAM \
  -pintsave_regs=BIGRAM,bigbss=BIGRAM,bigdata=BIGRAM -pbss=RAM \
  -pidata=CODE,irdata=CODE,ibigdata=CODE,ifardata=CODE -prparam=COMRAM \
  C:\Users\sergi\AppData\Local\Temp\xcAspi0.\driver_tmp_9.obj \
  dist/default/production\Lab3.X.production.obj 

Object code version is 3.11

Machine type is 18F4550



                Name                               Link     Load   Length Selector   Space Scale
C:\Users\sergi\AppData\Local\Temp\xcAspi0.\driver_tmp_9.obj
                idloc                            200000   200000        8        0       5
                config                           300000   300000        E        0       4
                init                                  E        E        4        4       0
                reset_vec                             0        0        4        0       0
dist/default/production\Lab3.X.production.obj
                intcode                               8        8        6        4       0
                idloc                            200000   200000        8        0       5
                config                           300000   300000        E        0       4
                temp                                 29       29        1        1       1
                smallconst                          800      800        2      400       0
                intcode_body                        C24      C24       16      401       0
                text11                              9E2      9E2       82      401       0
                text10                              A64      A64       56      401       0
                text9                               95A      95A       88      401       0
                text8                               BC6      BC6       28      401       0
                text7                               ABA      ABA       52      401       0
                text6                               8BE      8BE       9C      401       0
                text5                               C3A      C3A       12      401       0
                text4                               B96      B96       30      401       0
                text3                               B0C      B0C       4C      401       0
                text2                               B58      B58       3E      401       0
                text1                               BEE      BEE       20      401       0
                text0                               802      802       BC      401       0
                cstackCOMRAM                          1        1       24        1       1
                bssCOMRAM                            25       25        4        1       1
                cinit                               C0E      C0E       16      401       0

TOTAL           Name                               Link     Load   Length     Space
        CLASS   CODE           
                intcode                               8        8        6         0
                init                                  E        E        4         0
                reset_vec                             0        0        4         0
                intcode_body                        C24      C24       16         0
                text11                              9E2      9E2       82         0
                text10                              A64      A64       56         0
                text9                               95A      95A       88         0
                text8                               BC6      BC6       28         0
                text7                               ABA      ABA       52         0
                text6                               8BE      8BE       9C         0
                text5                               C3A      C3A       12         0
                text4                               B96      B96       30         0
                text3                               B0C      B0C       4C         0
                text2                               B58      B58       3E         0
                text1                               BEE      BEE       20         0
                text0                               802      802       BC         0
                cinit                               C0E      C0E       16         0

        CLASS   CONST          

        CLASS   SMALLCONST     
                smallconst                          800      800        2         0

        CLASS   MEDIUMCONST    

        CLASS   COMRAM         
                temp                                 29       29        1         1
                cstackCOMRAM                          1        1       24         1
                bssCOMRAM                            25       25        4         1

        CLASS   ABS1           

        CLASS   BIGRAM         

        CLASS   RAM            

        CLASS   BANK0          

        CLASS   BANK1          

        CLASS   BANK2          

        CLASS   BANK3          

        CLASS   BANK4          

        CLASS   BANK5          

        CLASS   BANK6          

        CLASS   BANK7          

        CLASS   SFR            

        CLASS   BIGSFR         

        CLASS   CONFIG         
                config                           300000   300000        E         4

        CLASS   IDLOC          
                idloc                            200000   200000        8         5

        CLASS   EEDATA         

        CLASS   FARRAM         

        CLASS   HEAP           

        CLASS   STACK          



SEGMENTS        Name                           Load    Length   Top    Selector   Space  Class

                reset_vec                      000000  000004  000004         0       0  CODE    
                cstackCOMRAM                   000001  000029  00002A         1       1  COMRAM  
                intcode                        000008  00000A  000012         4       0  CODE    
                smallconst                     000800  000002  000802       400       0  SMALLCON
                text0                          000802  00044A  000C4C       401       0  CODE    


UNUSED ADDRESS RANGES

        Name                Unused          Largest block    Delta
        BANK0            000060-0000FF               A0
        BANK1            000100-0001FF              100
        BANK2            000200-0002FF              100
        BANK3            000300-0003FF              100
        BANK4            000400-0004FF              100
        BANK5            000500-0005FF              100
        BANK6            000600-0006FF              100
        BANK7            000700-0007FF              100
        BIGRAM           00002A-0007FF              7D6
        BIGSFR           000F60-000FFF               A0
        CODE             000004-000007                4
                         000012-0007FF              7EE
                         000C4C-007FFF             73B4
        COMRAM           00002A-00005F               36
        CONST            000004-000007                4
                         000012-0007FF              7EE
                         000C4C-007FFF             73B4
        EEDATA           F00000-F000FF              100
        MEDIUMCONST      000C4C-007FFF             73B4
        RAM              000060-0007FF              100
        SFR              000F60-000FFF               A0
        SMALLCONST       000C4C-007FFF              100

                                  Symbol Table

?___lldiv                  cstackCOMRAM 00000D
?___lmul                   cstackCOMRAM 000001
_ADCON1                    (abs)        000FC1
_CMCON                     (abs)        000FB4
_INTCON2bits               (abs)        000FF1
_INTCONbits                (abs)        000FF2
_LATAbits                  (abs)        000F89
_LATD                      (abs)        000F8C
_LATE                      (abs)        000F8D
_LATEbits                  (abs)        000F8D
_OSCCONbits                (abs)        000FD3
_PORTBbits                 (abs)        000F81
_PORTCbits                 (abs)        000F82
_RCONbits                  (abs)        000FD0
_T0CONbits                 (abs)        000FD5
_TMR0H                     (abs)        000FD7
_TMR0L                     (abs)        000FD6
_TRISAbits                 (abs)        000F92
_TRISBbits                 (abs)        000F93
_TRISCbits                 (abs)        000F94
_TRISD                     (abs)        000F95
_TRISEbits                 (abs)        000F96
__HRAM                     (abs)        000000
__H__absolute__            __absolute__ 000000
__Habs1                    abs1         000000
__Hbank0                   bank0        000000
__Hbank1                   bank1        000000
__Hbank2                   bank2        000000
__Hbank3                   bank3        000000
__Hbank4                   bank4        000000
__Hbank5                   bank5        000000
__Hbank6                   bank6        000000
__Hbank7                   bank7        000000
__Hbigbss                  bigbss       000000
__Hbigdata                 bigdata      000000
__Hbigram                  bigram       000000
__Hbigsfr                  bigsfr       000000
__Hbss                     bss          000000
__HbssCOMRAM               bssCOMRAM    000000
__Hcinit                   cinit        000000
__Hclrtext                 clrtext      000000
__Hcomram                  comram       000000
__Hconfig                  config       30000E
__Hconst                   const        000000
__HcstackCOMRAM            cstackCOMRAM 000000
__Hdata                    data         000000
__Heeprom_data             eeprom_data  000000
__Hfarbss                  farbss       000000
__Hfardata                 fardata      000000
__Hheap                    heap         000000
__Hibigdata                ibigdata     000000
__Hidata                   idata        000000
__Hidloc                   idloc        200008
__Hifardata                ifardata     000000
__Hinit                    init         000012
__Hintcode                 intcode      00000E
__Hintcode_body            intcode_body 000000
__Hintcodelo               intcodelo    00000E
__Hintentry                intentry     000000
__Hintret                  intret       000000
__Hintsave_regs            intsave_regs 000000
__Hirdata                  irdata       000000
__Hmediumconst             mediumconst  000000
__HnvFARRAM                nvFARRAM     000000
__Hnvbit                   nvbit        000000
__Hnvrram                  nvrram       000000
__Hparam                   rparam       000000
__Hpowerup                 powerup      00000E
__Hram                     ram          000000
__Hramtop                  ramtop       000800
__Hrbit                    rbit         000000
__Hrbss                    rbss         000000
__Hrdata                   rdata        000000
__Hreset_vec               reset_vec    000004
__Hrparam                  rparam       000000
__Hsfr                     sfr          000000
__Hsivt_hi                 sivt_hi      000000
__Hsivt_lo                 sivt_lo      000000
__Hsmallconst              smallconst   000802
__Hspace_0                 (abs)        000C4C
__Hspace_1                 (abs)        00002A
__Hspace_2                 (abs)        000000
__Hspace_4                 (abs)        60000E
__Hstack                   stack        000000
__Hstruct                  struct       000000
__Htemp                    temp         00002A
__Htext                    text         000000
__Htext0                   text0        000000
__Htext1                   text1        000000
__Htext10                  text10       000000
__Htext11                  text11       000000
__Htext2                   text2        000000
__Htext3                   text3        000000
__Htext4                   text4        000000
__Htext5                   text5        000000
__Htext6                   text6        000000
__Htext7                   text7        000000
__Htext8                   text8        000000
__Htext9                   text9        000000
__LRAM                     (abs)        000001
__L__absolute__            __absolute__ 000000
__Labs1                    abs1         000000
__Lbank0                   bank0        000000
__Lbank1                   bank1        000000
__Lbank2                   bank2        000000
__Lbank3                   bank3        000000
__Lbank4                   bank4        000000
__Lbank5                   bank5        000000
__Lbank6                   bank6        000000
__Lbank7                   bank7        000000
__Lbigbss                  bigbss       000000
__Lbigdata                 bigdata      000000
__Lbigram                  bigram       000000
__Lbigsfr                  bigsfr       000000
__Lbss                     bss          000000
__LbssCOMRAM               bssCOMRAM    000000
__Lcinit                   cinit        000000
__Lclrtext                 clrtext      000000
__Lcomram                  comram       000000
__Lconfig                  config       000000
__Lconst                   const        000000
__LcstackCOMRAM            cstackCOMRAM 000000
__Ldata                    data         000000
__Leeprom_data             eeprom_data  000000
__Lfarbss                  farbss       000000
__Lfardata                 fardata      000000
__Lheap                    heap         000000
__Libigdata                ibigdata     000000
__Lidata                   idata        000000
__Lidloc                   idloc        000000
__Lifardata                ifardata     000000
__Linit                    init         00000E
__Lintcode                 intcode      000008
__Lintcode_body            intcode_body 000000
__Lintcodelo               intcodelo    00000E
__Lintentry                intentry     000000
__Lintret                  intret       000000
__Lintsave_regs            intsave_regs 000000
__Lirdata                  irdata       000000
__Lmediumconst             mediumconst  000000
__LnvFARRAM                nvFARRAM     000000
__Lnvbit                   nvbit        000000
__Lnvrram                  nvrram       000000
__Lparam                   rparam       000000
__Lpowerup                 powerup      00000E
__Lram                     ram          000000
__Lramtop                  ramtop       000800
__Lrbit                    rbit         000000
__Lrbss                    rbss         000000
__Lrdata                   rdata        000000
__Lreset_vec               reset_vec    000000
__Lrparam                  rparam       000000
__Lsfr                     sfr          000000
__Lsivt_hi                 sivt_hi      000000
__Lsivt_lo                 sivt_lo      000000
__Lsmallconst              smallconst   000800
__Lspace_0                 (abs)        000000
__Lspace_1                 (abs)        000000
__Lspace_2                 (abs)        000000
__Lspace_4                 (abs)        000000
__Lstack                   stack        000000
__Lstruct                  struct       000000
__Ltemp                    temp         000029
__Ltext                    text         000000
__Ltext0                   text0        000000
__Ltext1                   text1        000000
__Ltext10                  text10       000000
__Ltext11                  text11       000000
__Ltext2                   text2        000000
__Ltext3                   text3        000000
__Ltext4                   text4        000000
__Ltext5                   text5        000000
__Ltext6                   text6        000000
__Ltext7                   text7        000000
__Ltext8                   text8        000000
__Ltext9                   text9        000000
__S0                       (abs)        000C4C
__S1                       (abs)        00002A
__S4                       (abs)        000000
__S5                       (abs)        000000
___heap_hi                 (abs)        000000
___heap_lo                 (abs)        000000
___inthi_sp                stack        000000
___inthi_stack_hi          stack        000000
___inthi_stack_lo          stack        000000
___intlo_sp                stack        000000
___intlo_stack_hi          stack        000000
___intlo_stack_lo          stack        000000
___lbmod                   text8        000BC6
___lbmod@counter           cstackCOMRAM 000003
___lbmod@dividend          cstackCOMRAM 000002
___lbmod@divisor           cstackCOMRAM 000001
___lbmod@rem               cstackCOMRAM 000004
___lldiv                   text11       0009E2
___lldiv@counter           cstackCOMRAM 000019
___lldiv@dividend          cstackCOMRAM 00000D
___lldiv@divisor           cstackCOMRAM 000011
___lldiv@quotient          cstackCOMRAM 000015
___lmul                    text10       000A64
___lmul@multiplicand       cstackCOMRAM 000005
___lmul@multiplier         cstackCOMRAM 000001
___lmul@product            cstackCOMRAM 000009
___param_bank              (abs)        000000
___rparam_used             (abs)        000001
___sp                      stack        000000
___stack_hi                stack        000000
___stack_lo                stack        000000
__accesstop                (abs)        000060
__activetblptr             (abs)        000002
__end_of___lbmod           text8        000BEE
__end_of___lldiv           text11       000A64
__end_of___lmul            text10       000ABA
__end_of__initialization   cinit        000C16
__end_of_advance_one_press text3        000B58
__end_of_beep_ms           text9        0009E2
__end_of_high_isr          intcode_body 000C3A
__end_of_init_hw           text2        000B96
__end_of_main              text0        0008BE
__end_of_reset_to_zero     text4        000BC6
__end_of_rgb_set           text7        000B0C
__end_of_set_rgb_by_decena text6        00095A
__end_of_sevenseg_bcd      text5        000C4C
__end_of_tmr0_start        text1        000C0E
__initialization           cinit        000C0E
__mediumconst              mediumconst  000000
__pbssCOMRAM               bssCOMRAM    000025
__pcinit                   cinit        000C0E
__pcstackCOMRAM            cstackCOMRAM 000001
__pintcode                 intcode      000008
__pintcode_body            intcode_body 000C24
__psmallconst              smallconst   000800
__ptext0                   text0        000802
__ptext1                   text1        000BEE
__ptext10                  text10       000A64
__ptext11                  text11       0009E2
__ptext2                   text2        000B58
__ptext3                   text3        000B0C
__ptext4                   text4        000B96
__ptext5                   text5        000C3A
__ptext6                   text6        0008BE
__ptext7                   text7        000ABA
__ptext8                   text8        000BC6
__ptext9                   text9        00095A
__ramtop                   ramtop       000800
__smallconst               smallconst   000800
_advance_one_press         text3        000B0C
_beep_ms                   text9        00095A
_decenas                   bssCOMRAM    000027
_finished                  bssCOMRAM    000025
_high_isr                  intcode      000008
_init_hw                   text2        000B58
_main                      text0        000802
_reset_to_zero             text4        000B96
_rgb_set                   text7        000ABA
_set_rgb_by_decena         text6        0008BE
_sevenseg_bcd              text5        000C3A
_started                   bssCOMRAM    000026
_tmr0_start                text1        000BEE
_unidades                  bssCOMRAM    000028
beep_ms@ms                 cstackCOMRAM 00001A
beep_ms@n                  cstackCOMRAM 00001C
btemp                      temp         000029
end_of_initialization      cinit        000C16
int$flags                  temp         000029
int_func                   intcode_body 000C24
intlevel0                  text         000000
intlevel1                  text         000000
intlevel2                  text         000000
intlevel3                  text         000000
isa$std                    (abs)        000001
isa$xinst                  (abs)        000000
main@last_rb1              cstackCOMRAM 000022
main@last_rc1              cstackCOMRAM 000021
main@rb1                   cstackCOMRAM 000024
main@rc1                   cstackCOMRAM 000023
reset_to_zero@keep_started cstackCOMRAM 000008
rgb_set@b                  cstackCOMRAM 000002
rgb_set@g                  cstackCOMRAM 000001
rgb_set@r                  cstackCOMRAM 000004
set_rgb_by_decena@d        cstackCOMRAM 000007
sevenseg_bcd@d             cstackCOMRAM 000001
sevenseg_bcd@v             cstackCOMRAM 000002
stackhi                    (abs)        000000
stacklo                    (abs)        000000
start                      init         00000E
start_initialization       cinit        000C0E
ttemp5                     temp         00002A
ttemp6                     temp         00002D
ttemp7                     temp         000031
wtemp8                     temp         00002A


MODULE INFORMATION

Module		Function		Class		Link	Load	Size
Lab3.c
		_init_hw       		CODE           	0B58	0000	62
		_beep_ms       		CODE           	095A	0000	136
		_rgb_set       		CODE           	0ABA	0000	82
		_sevenseg_bcd  		CODE           	0C3A	0000	18
		_set_rgb_by_decena		CODE           	08BE	0000	156
		_main          		CODE           	0802	0000	188
		_high_isr      		CODE           	0008	0000	28
		_tmr0_start    		CODE           	0BEE	0000	32
		_advance_one_press		CODE           	0B0C	0000	76
		_reset_to_zero 		CODE           	0B96	0000	48

Lab3.c estimated size: 826

C:\Program Files\Microchip\xc8\v2.50\pic\sources\c90\common\__lldiv.c
		___lldiv       		CODE           	09E2	0000	130

C:\Program Files\Microchip\xc8\v2.50\pic\sources\c90\common\__lldiv.c estimated size: 130

shared
		__initialization		CODE           	0C0E	0000	8

shared estimated size: 8

C:\Program Files\Microchip\xc8\v2.50\pic\sources\c90\common\lbmod.c
		___lbmod       		CODE           	0BC6	0000	40

C:\Program Files\Microchip\xc8\v2.50\pic\sources\c90\common\lbmod.c estimated size: 40

C:\Program Files\Microchip\xc8\v2.50\pic\sources\c90\common\Umul32.c
		___lmul        		CODE           	0A64	0000	86

C:\Program Files\Microchip\xc8\v2.50\pic\sources\c90\common\Umul32.c estimated size: 86

